// Jest Snapshot v1, https://goo.gl/fbAQLP

exports[`<Invest /> component test <Invest /> rendering renders correctly 1`] = `ShallowWrapper {}`;
